# Written on 11/10/2024   14:33:53

##### INFO ########################################################

Current device : PGL50H-6FBG484
Top Module : top
Constraint File(s) : C:/Users/14861/Desktop/ws/ws_now/test_heijin/02.ddr3_ov5640_hdmi/ddr3_ov5640_hdmi/ddr3_ov5640_hdmi.fdc

##### SUMMARY ############################################################

Found 0 error(s), 24 critical_warning(s), 0 warning(s).

##### DETAILS ############################################################



C: ConstraintEditor-2002: "IO Table" row:18 | Port mem_dq[14] has been placed at location P3, whose type is share pin.
C: ConstraintEditor-2002: "IO Table" row:21 | Port mem_dq[11] has been placed at location M1, whose type is share pin.
C: ConstraintEditor-2002: "IO Table" row:23 | Port mem_dq[9] has been placed at location M2, whose type is share pin.
C: ConstraintEditor-2002: "IO Table" row:41 | Port b_out[7] has been placed at location C18, whose type is share pin.
C: ConstraintEditor-2002: "IO Table" row:42 | Port b_out[6] has been placed at location A18, whose type is share pin.
C: ConstraintEditor-2002: "IO Table" row:43 | Port b_out[5] has been placed at location B18, whose type is share pin.
C: ConstraintEditor-2002: "IO Table" row:44 | Port b_out[4] has been placed at location B20, whose type is share pin.
C: ConstraintEditor-2002: "IO Table" row:56 | Port g_out[0] has been placed at location D17, whose type is share pin.
C: ConstraintEditor-2002: "IO Table" row:87 | Port b_3_in[7] has been placed at location K19, whose type is share pin.
C: ConstraintEditor-2002: "IO Table" row:91 | Port b_3_in[3] has been placed at location N22, whose type is share pin.
C: ConstraintEditor-2002: "IO Table" row:92 | Port b_3_in[2] has been placed at location N20, whose type is share pin.
C: ConstraintEditor-2002: "IO Table" row:94 | Port b_3_in[0] has been placed at location F21, whose type is share pin.
C: ConstraintEditor-2002: "IO Table" row:96 | Port g_3_in[6] has been placed at location H20, whose type is share pin.
C: ConstraintEditor-2002: "IO Table" row:97 | Port g_3_in[5] has been placed at location J19, whose type is share pin.
C: ConstraintEditor-2002: "IO Table" row:102 | Port g_3_in[0] has been placed at location K18, whose type is share pin.
C: ConstraintEditor-2002: "IO Table" row:106 | Port r_3_in[4] has been placed at location F18, whose type is share pin.
C: ConstraintEditor-2002: "IO Table" row:107 | Port r_3_in[3] has been placed at location F19, whose type is share pin.
C: ConstraintEditor-2002: "IO Table" row:108 | Port r_3_in[2] has been placed at location F20, whose type is share pin.
C: ConstraintEditor-2002: "IO Table" row:109 | Port r_3_in[1] has been placed at location G19, whose type is share pin.
C: ConstraintEditor-2002: "IO Table" row:111 | Port iic_sda has been placed at location A20, whose type is share pin.
C: ConstraintEditor-2002: "IO Table" row:116 | Port iic_scl has been placed at location C19, whose type is share pin.
C: ConstraintEditor-2002: "IO Table" row:130 | Port de_3_in has been placed at location F22, whose type is share pin.
C: ConstraintEditor-2002: "IO Table" row:131 | Port hs_3_in has been placed at location G20, whose type is share pin.
C: ConstraintEditor-2002: "IO Table" row:135 | Port vs_3_in has been placed at location G22, whose type is share pin.

